// Jest Snapshot v1, https://goo.gl/fbAQLP

exports[`Components MyList renders correctly 1`] = `
<div
  className="user-page"
>
  <header
    className="page-header user-page__head"
  >
    <div
      className="logo"
    >
      <a
        className="logo__link undefined"
        href="/"
        onClick={[Function]}
      >
        <span
          className="logo__letter logo__letter--1"
        >
          W
        </span>
        <span
          className="logo__letter logo__letter--2"
        >
          T
        </span>
        <span
          className="logo__letter logo__letter--3"
        >
          W
        </span>
      </a>
    </div>
    <h1
      className="page-title user-page__title"
    >
      My list
    </h1>
    <div
      className="user-block"
    >
      <a
        className="user-block__link"
        href="/login"
        onClick={[Function]}
      >
        Sign in
      </a>
    </div>
  </header>
  <section
    className="catalog"
  >
    <h2
      className="catalog__title visually-hidden"
    >
      Catalog
    </h2>
    <div
      className="catalog__movies-list"
    >
      <article
        className="small-movie-card catalog__movies-card"
        onClick={[Function]}
        onMouseOut={[Function]}
        onMouseOver={[Function]}
      >
        <div
          className="small-movie-card__image"
        >
          <video
            height="175"
            muted={true}
            poster="img/johnny-english.jpg"
            width="280"
          >
            <source
              src="https://download.blender.org/durian/trailer/sintel_trailer-480p.mp4"
            />
          </video>
        </div>
        <h3
          className="small-movie-card__title"
        >
          <a
            className="small-movie-card__link"
            href="/films/1"
            onClick={[Function]}
          >
            Drive
          </a>
        </h3>
      </article>
      <article
        className="small-movie-card catalog__movies-card"
        onClick={[Function]}
        onMouseOut={[Function]}
        onMouseOver={[Function]}
      >
        <div
          className="small-movie-card__image"
        >
          <video
            height="175"
            muted={true}
            poster="img/macbeth.jpg"
            width="280"
          >
            <source
              src="https://upload.wikimedia.org/wikipedia/commons/transcoded/b/b3/Big_Buck_Bunny_Trailer_400p.ogv/Big_Buck_Bunny_Trailer_400p.ogv.360p.webm"
            />
          </video>
        </div>
        <h3
          className="small-movie-card__title"
        >
          <a
            className="small-movie-card__link"
            href="/films/2"
            onClick={[Function]}
          >
            Astral
          </a>
        </h3>
      </article>
      <article
        className="small-movie-card catalog__movies-card"
        onClick={[Function]}
        onMouseOut={[Function]}
        onMouseOver={[Function]}
      >
        <div
          className="small-movie-card__image"
        >
          <video
            height="175"
            muted={true}
            poster="img/johnny-english.jpg"
            width="280"
          >
            <source
              src="https://download.blender.org/durian/trailer/sintel_trailer-480p.mp4"
            />
          </video>
        </div>
        <h3
          className="small-movie-card__title"
        >
          <a
            className="small-movie-card__link"
            href="/films/3"
            onClick={[Function]}
          >
            Taxi
          </a>
        </h3>
      </article>
      <article
        className="small-movie-card catalog__movies-card"
        onClick={[Function]}
        onMouseOut={[Function]}
        onMouseOver={[Function]}
      >
        <div
          className="small-movie-card__image"
        >
          <video
            height="175"
            muted={true}
            poster="img/macbeth.jpg"
            width="280"
          >
            <source
              src="https://upload.wikimedia.org/wikipedia/commons/transcoded/b/b3/Big_Buck_Bunny_Trailer_400p.ogv/Big_Buck_Bunny_Trailer_400p.ogv.360p.webm"
            />
          </video>
        </div>
        <h3
          className="small-movie-card__title"
        >
          <a
            className="small-movie-card__link"
            href="/films/4"
            onClick={[Function]}
          >
            Resident evil
          </a>
        </h3>
      </article>
      <article
        className="small-movie-card catalog__movies-card"
        onClick={[Function]}
        onMouseOut={[Function]}
        onMouseOver={[Function]}
      >
        <div
          className="small-movie-card__image"
        >
          <video
            height="175"
            muted={true}
            poster="img/mindhunter.jpg"
            width="280"
          >
            <source
              src="https://download.blender.org/durian/trailer/sintel_trailer-480p.mp4"
            />
          </video>
        </div>
        <h3
          className="small-movie-card__title"
        >
          <a
            className="small-movie-card__link"
            href="/films/5"
            onClick={[Function]}
          >
            Brother
          </a>
        </h3>
      </article>
    </div>
  </section>
  <footer
    className="page-footer"
  >
    <div
      className="logo"
    >
      <a
        className="logo__link logo__link--light"
        href="/"
        onClick={[Function]}
      >
        <span
          className="logo__letter logo__letter--1"
        >
          W
        </span>
        <span
          className="logo__letter logo__letter--2"
        >
          T
        </span>
        <span
          className="logo__letter logo__letter--3"
        >
          W
        </span>
      </a>
    </div>
    <div
      className="copyright"
    >
      <p>
        Â© 2019 What to watch Ltd.
      </p>
    </div>
  </footer>
</div>
`;
