// Jest Snapshot v1, https://goo.gl/fbAQLP

exports[`Components VideoPlayer renders correctly 1`] = `
<video
  height="175"
  muted={true}
  poster="img/johnny-english.jpg"
  width="280"
>
  <source
    src="https://download.blender.org/durian/trailer/sintel_trailer-480p.mp4"
  />
</video>
`;
