// Jest Snapshot v1, https://goo.gl/fbAQLP

exports[`Components Review renders correctly 1`] = `
<div
  className="review"
>
  <blockquote
    className="review__quote"
  >
    <p
      className="review__text"
    >
      
    </p>
    <footer
      className="review__details"
    >
      <cite
        className="review__author"
      >
        
      </cite>
      <time
        className="review__date"
        dateTime="2016-12-24"
      >
        Invalid date
      </time>
    </footer>
  </blockquote>
  <div
    className="review__rating"
  />
</div>
`;
